// Vitest Snapshot v1

exports[`mount component 1`] = `"<a-select-stub value=\\"test\\"></a-select-stub>"`;
