// Vitest Snapshot v1

exports[`json reporter > generates correct report 1`] = `
{
  "ancestorTitles": [
    "",
  ],
  "failureMessages": [
    "expected 2 to deeply equal 1",
  ],
  "fullName": " should fail",
  "location": {
    "column": 13,
    "line": 8,
  },
  "status": "failed",
  "title": "should fail",
}
`;
