// Vitest Snapshot v1

exports[`a > b > c > d > e > very deep > msg 1`] = `"hi"`;
