// Vitest Snapshot v1

exports[`error serialize > Should skip circular references to prevent hit the call stack limit 1`] = `
{
  "toString": "Function<toString>",
  "whatever": [Circular],
  "whateverArray": [
    [Circular],
    [Circular],
  ],
  "whateverArrayClone": [
    [Circular],
    [Circular],
  ],
}
`;

exports[`error serialize > works 1`] = `
{
  "array": [
    1,
    ,
    3,
  ],
  "fn": "Function<fn>",
  "foo": "hi",
  "nested": {
    "class": "Function<class>",
    "false": false,
  },
  "null": null,
  "promise": "Promise",
  "symbol": "Symbol(hi)",
}
`;
