// Vitest Snapshot v1

exports[`snapshot is stored close to file 1`] = `"moved snapshot"`;
