// Vitest Snapshot v1

exports[`vue 3 coverage 1`] = `
"<div>4 x 2 = 8</div>
<button> x1 </button>"
`;
